[demo.hasthemes.com/hugeshop-preview/index-v1.html]
[backblue.gif]
[fade.gif]
[index.html]
[demo.hasthemes.com/hugeshop-preview/images/favicon.png]
[maxcdn.bootstrapcdn.com/bootstrap/3.3.5/css/bootstrap.min.css]
[demo.hasthemes.com/hugeshop-preview/css/style.css]
[demo.hasthemes.com/hugeshop-preview/css/animate.css]
[demo.hasthemes.com/hugeshop-preview/huge/index.html]
[demo.hasthemes.com/hugeshop-preview/images/logo.png]
[demo.hasthemes.com/hugeshop-preview/images/fashion1.jpg]
[demo.hasthemes.com/hugeshop-preview/images/fashion2.jpg]
[demo.hasthemes.com/hugeshop-preview/huge/index-2.html]
[demo.hasthemes.com/hugeshop-preview/huge/index-3.html]
[demo.hasthemes.com/hugeshop-preview/images/fashion3.jpg]
[demo.hasthemes.com/hugeshop-preview/huge/index-5.html]
[demo.hasthemes.com/hugeshop-preview/images/fashion4.jpg]
[demo.hasthemes.com/hugeshop-preview/huge/index-6.html]
[demo.hasthemes.com/hugeshop-preview/images/fashion5.jpg]
[demo.hasthemes.com/hugeshop-preview/huge/index-7.html]
[demo.hasthemes.com/hugeshop-preview/images/fashion6.jpg]
[demo.hasthemes.com/hugeshop-preview/huge/index-8.html]
[demo.hasthemes.com/hugeshop-preview/images/fashion7.jpg]
[demo.hasthemes.com/hugeshop-preview/huge/index-9.html]
[demo.hasthemes.com/hugeshop-preview/images/digital1.png]
[demo.hasthemes.com/hugeshop-preview/huge/index-10.html]
[demo.hasthemes.com/hugeshop-preview/images/digital2.png]
[demo.hasthemes.com/hugeshop-preview/images/digital3.png]
[demo.hasthemes.com/hugeshop-preview/huge/index-11.html]
[demo.hasthemes.com/hugeshop-preview/huge/index-12.html]
[demo.hasthemes.com/hugeshop-preview/images/furniture1.png]
[demo.hasthemes.com/hugeshop-preview/images/furniture2.png]
[demo.hasthemes.com/hugeshop-preview/huge/index-13.html]
[demo.hasthemes.com/hugeshop-preview/huge/index-14.html]
[demo.hasthemes.com/hugeshop-preview/images/furniture3.png]
[demo.hasthemes.com/hugeshop-preview/huge/index-15.html]
[demo.hasthemes.com/hugeshop-preview/images/cosmetic1.png]
[demo.hasthemes.com/hugeshop-preview/huge/index-16.html]
[demo.hasthemes.com/hugeshop-preview/images/cosmetic2.png]
[demo.hasthemes.com/hugeshop-preview/huge/index-17.html]
[demo.hasthemes.com/hugeshop-preview/images/jewelry1.png]
[demo.hasthemes.com/hugeshop-preview/huge/index-18.html]
[demo.hasthemes.com/hugeshop-preview/images/jewelry2.png]
[demo.hasthemes.com/hugeshop-preview/huge/index-19.html]
[demo.hasthemes.com/hugeshop-preview/images/mega1.png]
[demo.hasthemes.com/hugeshop-preview/images/mega2.png]
[demo.hasthemes.com/hugeshop-preview/huge/index-20.html]
[demo.hasthemes.com/hugeshop-preview/huge/index-4.html]
[demo.hasthemes.com/hugeshop-preview/images/glass.png]
[demo.hasthemes.com/hugeshop-preview/huge/about_us.html]
[demo.hasthemes.com/hugeshop-preview/images/pages/about.jpg]
[demo.hasthemes.com/hugeshop-preview/huge/blog-classic-left-sidebar.html]
[demo.hasthemes.com/hugeshop-preview/images/pages/blog1.jpg]
[demo.hasthemes.com/hugeshop-preview/huge/blog-classic-right-sidebar.html]
[demo.hasthemes.com/hugeshop-preview/images/pages/blog2.jpg]
[demo.hasthemes.com/hugeshop-preview/huge/blog-details-left-sidebar.html]
[demo.hasthemes.com/hugeshop-preview/images/pages/blog3.jpg]
[demo.hasthemes.com/hugeshop-preview/images/pages/blog4.jpg]
[demo.hasthemes.com/hugeshop-preview/huge/blog-details-right-sidebar.html]
[demo.hasthemes.com/hugeshop-preview/huge/blog-gallery-format.html]
[demo.hasthemes.com/hugeshop-preview/images/pages/blog5.jpg]
[demo.hasthemes.com/hugeshop-preview/huge/blog-image-format.html]
[demo.hasthemes.com/hugeshop-preview/images/pages/blog6.jpg]
[demo.hasthemes.com/hugeshop-preview/huge/blog-left-sidebar.html]
[demo.hasthemes.com/hugeshop-preview/images/pages/blog7.jpg]
[demo.hasthemes.com/hugeshop-preview/huge/blog-right-sidebar.html]
[demo.hasthemes.com/hugeshop-preview/images/pages/blog8.jpg]
[demo.hasthemes.com/hugeshop-preview/huge/blog-video-format.html]
[demo.hasthemes.com/hugeshop-preview/images/pages/blog9.jpg]
[demo.hasthemes.com/hugeshop-preview/huge/contact.html]
[demo.hasthemes.com/hugeshop-preview/images/pages/contact.jpg]
[demo.hasthemes.com/hugeshop-preview/huge/portfolio-4-col.html]
[demo.hasthemes.com/hugeshop-preview/images/pages/portfolio.jpg]
[demo.hasthemes.com/hugeshop-preview/huge/portfolio-3-col.html]
[demo.hasthemes.com/hugeshop-preview/images/pages/portfolio3.jpg]
[demo.hasthemes.com/hugeshop-preview/huge/portfolio-2-col.html]
[demo.hasthemes.com/hugeshop-preview/images/pages/portfolio2.jpg]
[demo.hasthemes.com/hugeshop-preview/huge/portfolio-details.html]
[demo.hasthemes.com/hugeshop-preview/images/pages/portfolio4.jpg]
[demo.hasthemes.com/hugeshop-preview/huge/shop-detail-1.html]
[demo.hasthemes.com/hugeshop-preview/images/pages/product_detail1.jpg]
[demo.hasthemes.com/hugeshop-preview/huge/shop-detail-2.html]
[demo.hasthemes.com/hugeshop-preview/images/pages/product_detail2.jpg]
[demo.hasthemes.com/hugeshop-preview/huge/shop-fullwidth.html]
[demo.hasthemes.com/hugeshop-preview/images/pages/shop1.jpg]
[demo.hasthemes.com/hugeshop-preview/huge/shop-left-sidebar.html]
[demo.hasthemes.com/hugeshop-preview/images/pages/shop2.jpg]
[demo.hasthemes.com/hugeshop-preview/huge/shop-right-sidebar.html]
[demo.hasthemes.com/hugeshop-preview/images/pages/shop5.jpg]
[demo.hasthemes.com/hugeshop-preview/huge/shop-list-left-sidebar.html]
[demo.hasthemes.com/hugeshop-preview/images/pages/shop3.jpg]
[demo.hasthemes.com/hugeshop-preview/huge/shop-list-right-sidebar.html]
[demo.hasthemes.com/hugeshop-preview/images/pages/shop4.jpg]
[demo.hasthemes.com/hugeshop-preview/huge/shop-fullwidth-3-column.html]
[demo.hasthemes.com/hugeshop-preview/images/pages/shop6.jpg]
[demo.hasthemes.com/hugeshop-preview/huge/shop-fullwidth-2-column.html]
[demo.hasthemes.com/hugeshop-preview/images/pages/shop7.jpg]
[demo.hasthemes.com/hugeshop-preview/huge/wishlist.html]
[demo.hasthemes.com/hugeshop-preview/images/pages/wishlist.jpg]
[demo.hasthemes.com/hugeshop-preview/huge/cart.html]
[demo.hasthemes.com/hugeshop-preview/images/pages/cart.jpg]
[demo.hasthemes.com/hugeshop-preview/huge/compare.html]
[demo.hasthemes.com/hugeshop-preview/images/pages/compare.jpg]
[demo.hasthemes.com/hugeshop-preview/huge/checkout.html]
[demo.hasthemes.com/hugeshop-preview/images/pages/checkout.jpg]
[demo.hasthemes.com/hugeshop-preview/huge/account.html]
[demo.hasthemes.com/hugeshop-preview/images/pages/account.jpg]
[demo.hasthemes.com/hugeshop-preview/huge/404.html]
[demo.hasthemes.com/hugeshop-preview/images/pages/error404.jpg]
[demo.hasthemes.com/hugeshop-preview/images/feature/intro-feature-1.jpg]
[demo.hasthemes.com/hugeshop-preview/images/feature/intro-feature-2.jpg]
[demo.hasthemes.com/hugeshop-preview/images/feature/intro-feature-3.jpg]
[demo.hasthemes.com/hugeshop-preview/images/feature/intro-feature-4.jpg]
[demo.hasthemes.com/hugeshop-preview/images/feature/intro-feature-5.jpg]
[demo.hasthemes.com/hugeshop-preview/images/feature/intro-feature-6.jpg]
[demo.hasthemes.com/hugeshop-preview/images/feature/intro-feature-12.jpg]
[demo.hasthemes.com/hugeshop-preview/images/feature/intro-feature-17.jpg]
[demo.hasthemes.com/hugeshop-preview/images/feature/intro-feature-18.jpg]
[demo.hasthemes.com/hugeshop-preview/images/option1.png]
[demo.hasthemes.com/hugeshop-preview/images/option2.png]
[demo.hasthemes.com/hugeshop-preview/images/option3.png]
[demo.hasthemes.com/hugeshop-preview/images/option4.png]
[ajax.googleapis.com/ajax/libs/jquery/1.11.1/jquery.min.js]
[demo.hasthemes.com/hugeshop-preview/js/wow.min.js]
[demo.hasthemes.com/hugeshop-preview/index-v1.html]
[demo.hasthemes.com/hugeshop-preview/images/WordPress.ico]
[maxcdn.bootstrapcdn.com/bootstrap/3.3.5/css/bootstrap.min.css]
[maxcdn.bootstrapcdn.com/bootstrap/3.2.0/js/bootstrap.min.js]
[demo.hasthemes.com/hugeshop-preview/images/header.jpg]
[demo.hasthemes.com/hugeshop-preview/images/bkg2.png]
[demo.hasthemes.com/hugeshop-preview/images/bkg3.png]
[demo.hasthemes.com/hugeshop-preview/images/bkg.jpg]
[demo.hasthemes.com/hugeshop-preview/images/footer.jpg]
[demo.hasthemes.com/hugeshop-preview/images/back-top.png]
[demo.hasthemes.com/hugeshop-preview/css/style.css]
[demo.hasthemes.com/hugeshop-preview/css/animate.css]
[demo.hasthemes.com/hugeshop-preview/huge/img/fa.png]
[demo.hasthemes.com/hugeshop-preview/huge/img/favicon.png]
[demo.hasthemes.com/hugeshop-preview/huge/css/bootstrap.min.css]
[demo.hasthemes.com/hugeshop-preview/huge/lib/custom-slider/css/nivo-slider.css]
[demo.hasthemes.com/hugeshop-preview/huge/lib/custom-slider/css/preview.css]
[demo.hasthemes.com/hugeshop-preview/huge/css/owl.carousel.css]
[demo.hasthemes.com/hugeshop-preview/huge/css/owl.theme.css]
[demo.hasthemes.com/hugeshop-preview/huge/css/owl.transitions.css]
[demo.hasthemes.com/hugeshop-preview/huge/css/lightbox.css]
[demo.hasthemes.com/hugeshop-preview/huge/css/jquery-ui.css]
[demo.hasthemes.com/hugeshop-preview/huge/css/simple-line-icons.css]
[demo.hasthemes.com/hugeshop-preview/huge/css/meanmenu.min.css]
[demo.hasthemes.com/hugeshop-preview/huge/css/font-awesome.min.css]
[demo.hasthemes.com/hugeshop-preview/huge/css/animate.css]
[demo.hasthemes.com/hugeshop-preview/huge/css/normalize.css]
[demo.hasthemes.com/hugeshop-preview/huge/css/main.css]
[demo.hasthemes.com/hugeshop-preview/huge/style.css]
[demo.hasthemes.com/hugeshop-preview/huge/css/responsive.css]
[demo.hasthemes.com/hugeshop-preview/huge/js/vendor/modernizr-2.8.3.min.js]
[demo.hasthemes.com/hugeshop-preview/huge/img/logo.png]
[demo.hasthemes.com/hugeshop-preview/huge/img/arrow.png]
[demo.hasthemes.com/hugeshop-preview/huge/img/flag/de_de.gif]
[demo.hasthemes.com/hugeshop-preview/huge/img/flag/english.jpg]
[demo.hasthemes.com/hugeshop-preview/huge/img/flag/itali.gif]
[demo.hasthemes.com/hugeshop-preview/huge/img/header_cart.png]
[demo.hasthemes.com/hugeshop-preview/huge/img/trend/trend_acc1.jpg]
[demo.hasthemes.com/hugeshop-preview/huge/img/trend/trend_acc2.jpg]
[demo.hasthemes.com/hugeshop-preview/huge/img/trend/trend_acc3.jpg]
[demo.hasthemes.com/hugeshop-preview/huge/img/header_search.png]
[demo.hasthemes.com/hugeshop-preview/huge/img/slider/slider-1.jpg]
[demo.hasthemes.com/hugeshop-preview/huge/img/slider/slider-2.jpg]
[demo.hasthemes.com/hugeshop-preview/huge/img/slider_bottom/slider_bottom_1.jpg]
[demo.hasthemes.com/hugeshop-preview/huge/img/slider_bottom/text_img_1.png]
[demo.hasthemes.com/hugeshop-preview/huge/img/slider_bottom/slider_bottom_2.jpg]
[demo.hasthemes.com/hugeshop-preview/huge/img/slider_bottom/text_img_2.png]
[demo.hasthemes.com/hugeshop-preview/huge/img/slider_bottom/slider_bottom_3.jpg]
[demo.hasthemes.com/hugeshop-preview/huge/img/slider_bottom/text_img_3.png]
[demo.hasthemes.com/hugeshop-preview/huge/img/section_title.png]
[demo.hasthemes.com/hugeshop-preview/huge/img/trend/trend_bag1.jpg]
[demo.hasthemes.com/hugeshop-preview/huge/img/trend/trend_bag2.jpg]
[demo.hasthemes.com/hugeshop-preview/huge/img/trend/shopping_cart.png]
[demo.hasthemes.com/hugeshop-preview/huge/img/trend/heart.png]
[demo.hasthemes.com/hugeshop-preview/huge/img/trend/eye.png]
[demo.hasthemes.com/hugeshop-preview/huge/img/trend/trend_man1.jpg]
[demo.hasthemes.com/hugeshop-preview/huge/img/trend/trend_man2.jpg]
[demo.hasthemes.com/hugeshop-preview/huge/img/trend/trend_man3.jpg]
[demo.hasthemes.com/hugeshop-preview/huge/img/trend/trend_man4.jpg]
[demo.hasthemes.com/hugeshop-preview/huge/img/trend/trend_women1.jpg]
[demo.hasthemes.com/hugeshop-preview/huge/img/trend/trend_women2.jpg]
[demo.hasthemes.com/hugeshop-preview/huge/img/trend/trend_man5.jpg]
[demo.hasthemes.com/hugeshop-preview/huge/img/trend/trend_man6.jpg]
[demo.hasthemes.com/hugeshop-preview/huge/img/trend/trend_man7.jpg]
[demo.hasthemes.com/hugeshop-preview/huge/img/trend/trend_man8.jpg]
[demo.hasthemes.com/hugeshop-preview/huge/img/trend/trend_man9.jpg]
[demo.hasthemes.com/hugeshop-preview/huge/img/trend/trend_women3.jpg]
[demo.hasthemes.com/hugeshop-preview/huge/img/trend/trend_women4.jpg]
[demo.hasthemes.com/hugeshop-preview/huge/img/trend/trend_women5.jpg]
[demo.hasthemes.com/hugeshop-preview/huge/img/trend/trend_women6.jpg]
[demo.hasthemes.com/hugeshop-preview/huge/img/trend/trend_women7.jpg]
[demo.hasthemes.com/hugeshop-preview/huge/img/trend/trend_women8.jpg]
[demo.hasthemes.com/hugeshop-preview/huge/img/trend/trend_acc4.jpg]
[demo.hasthemes.com/hugeshop-preview/huge/img/trend/trend_acc7.jpg]
[demo.hasthemes.com/hugeshop-preview/huge/img/trend/trend_acc5.jpg]
[demo.hasthemes.com/hugeshop-preview/huge/img/trend/trend_bag4.jpg]
[demo.hasthemes.com/hugeshop-preview/huge/img/trend/trend_bag5.jpg]
[demo.hasthemes.com/hugeshop-preview/huge/img/trend/trend_bag6.jpg]
[demo.hasthemes.com/hugeshop-preview/huge/img/trend/trend_bag3.jpg]
[demo.hasthemes.com/hugeshop-preview/huge/img/service/service_1.png]
[demo.hasthemes.com/hugeshop-preview/huge/img/service/service_2.png]
[demo.hasthemes.com/hugeshop-preview/huge/img/service/service_3.png]
[demo.hasthemes.com/hugeshop-preview/huge/img/love/love_1.jpg]
[demo.hasthemes.com/hugeshop-preview/huge/img/love/love_2.jpg]
[demo.hasthemes.com/hugeshop-preview/huge/img/love/love_3.jpg]
[demo.hasthemes.com/hugeshop-preview/huge/img/love/love_4.jpg]
[demo.hasthemes.com/hugeshop-preview/huge/img/love/love_5.jpg]
[demo.hasthemes.com/hugeshop-preview/huge/img/love/love_6.jpg]
[demo.hasthemes.com/hugeshop-preview/huge/img/latest_blog_news/b_n_1.jpg]
[demo.hasthemes.com/hugeshop-preview/huge/img/latest_blog_news/b_n_2.jpg]
[demo.hasthemes.com/hugeshop-preview/huge/img/latest_blog_news/b_n_3.jpg]
[demo.hasthemes.com/hugeshop-preview/huge/img/client/client_1.jpg]
[demo.hasthemes.com/hugeshop-preview/huge/img/client/client_2.jpg]
[demo.hasthemes.com/hugeshop-preview/huge/img/client/client_3.jpg]
[demo.hasthemes.com/hugeshop-preview/huge/img/client/client_4.jpg]
[demo.hasthemes.com/hugeshop-preview/huge/img/client/client_5.jpg]
[demo.hasthemes.com/hugeshop-preview/huge/img/logo_footer.png]
[demo.hasthemes.com/hugeshop-preview/huge/img/footer_devider.png]
[demo.hasthemes.com/hugeshop-preview/huge/img/footer_payment_color.png]
[demo.hasthemes.com/hugeshop-preview/huge/img/13.jpg]
[demo.hasthemes.com/hugeshop-preview/huge/js/vendor/jquery-1.12.4.min.js]
[demo.hasthemes.com/hugeshop-preview/huge/js/popper.min.js]
[demo.hasthemes.com/hugeshop-preview/huge/js/bootstrap.min.js]
[demo.hasthemes.com/hugeshop-preview/huge/js/owl.carousel.min.js]
[demo.hasthemes.com/hugeshop-preview/huge/js/lightbox.js]
[demo.hasthemes.com/hugeshop-preview/huge/js/jquery.mixitup.js]
[demo.hasthemes.com/hugeshop-preview/huge/js/price-slider.js]
[demo.hasthemes.com/hugeshop-preview/huge/js/jquery.barfiller.js]
[demo.hasthemes.com/hugeshop-preview/huge/js/jquery.scrollUp.min.js]
[demo.hasthemes.com/hugeshop-preview/huge/js/jquery.elevatezoom.js]
[demo.hasthemes.com/hugeshop-preview/huge/js/meanmenu.js]
[demo.hasthemes.com/hugeshop-preview/huge/js/wow.js]
[demo.hasthemes.com/hugeshop-preview/huge/js/plugins.js]
[demo.hasthemes.com/hugeshop-preview/huge/lib/custom-slider/js/jquery.nivo.slider.js]
[demo.hasthemes.com/hugeshop-preview/huge/lib/custom-slider/home.js]
[demo.hasthemes.com/hugeshop-preview/huge/index.html]
[demo.hasthemes.com/hugeshop-preview/huge/js/main.js]
[demo.hasthemes.com/hugeshop-preview/huge/img/header_cart_white.png]
[demo.hasthemes.com/hugeshop-preview/huge/img/header_search_white.png]
[demo.hasthemes.com/hugeshop-preview/huge/img/slider/slider-39.jpg]
[demo.hasthemes.com/hugeshop-preview/huge/img/slider/slider-3.jpg]
[demo.hasthemes.com/hugeshop-preview/huge/img/trend/trend_acc6.jpg]
[demo.hasthemes.com/hugeshop-preview/huge/img/section_title_white.png]
[demo.hasthemes.com/hugeshop-preview/huge/img/testimonial/testi_1.jpg]
[demo.hasthemes.com/hugeshop-preview/huge/img/offers/best_sellers_1.png]
[demo.hasthemes.com/hugeshop-preview/huge/img/offers/best_sellers_2.jpg]
[demo.hasthemes.com/hugeshop-preview/huge/img/offers/best_sellers_3.jpg]
[demo.hasthemes.com/hugeshop-preview/huge/img/offers/best_sellers_4.jpg]
[demo.hasthemes.com/hugeshop-preview/huge/img/offers/special_today1.jpg]
[demo.hasthemes.com/hugeshop-preview/huge/img/offers/special_today2.jpg]
[demo.hasthemes.com/hugeshop-preview/huge/img/offers/special_today3.jpg]
[demo.hasthemes.com/hugeshop-preview/huge/img/offers/most.jpg]
[demo.hasthemes.com/hugeshop-preview/huge/img/offers/most2.jpg]
[demo.hasthemes.com/hugeshop-preview/huge/img/offers/most3.jpg]
[demo.hasthemes.com/hugeshop-preview/huge/img/latest_blog_news/b_n_4.jpg]
[demo.hasthemes.com/hugeshop-preview/huge/img/latest_blog_news/b_n_5.jpg]
[demo.hasthemes.com/hugeshop-preview/huge/img/latest_blog_news/b_n_6.jpg]
[demo.hasthemes.com/hugeshop-preview/huge/index-2.html]
[demo.hasthemes.com/hugeshop-preview/huge/img/slider/slider-4.jpg]
[demo.hasthemes.com/hugeshop-preview/huge/img/slider/slider-22.jpg]
[demo.hasthemes.com/hugeshop-preview/huge/img/slider/home_4_logo.png]
[demo.hasthemes.com/hugeshop-preview/huge/img/service/service_1_white.png]
[demo.hasthemes.com/hugeshop-preview/huge/img/service/service_2_white.png]
[demo.hasthemes.com/hugeshop-preview/huge/img/service/service_3_white.png]
[demo.hasthemes.com/hugeshop-preview/huge/img/trend/trend_man10.jpg]
[demo.hasthemes.com/hugeshop-preview/huge/img/trend/trend_man11.jpg]
[demo.hasthemes.com/hugeshop-preview/huge/img/trend/trend_man12.jpg]
[demo.hasthemes.com/hugeshop-preview/huge/img/trend/trend_man13.jpg]
[demo.hasthemes.com/hugeshop-preview/huge/img/clerance/clerance_1.jpg]
[demo.hasthemes.com/hugeshop-preview/huge/img/clerance/clerance_2.jpg]
[demo.hasthemes.com/hugeshop-preview/huge/img/recent_blog/recent_blog2.jpg]
[demo.hasthemes.com/hugeshop-preview/huge/img/recent_blog/recent_blog1.jpg]
[demo.hasthemes.com/hugeshop-preview/huge/index-3.html]
[demo.hasthemes.com/hugeshop-preview/huge/img/logo_home5.png]
[demo.hasthemes.com/hugeshop-preview/huge/img/slider/slider-6.jpg]
[demo.hasthemes.com/hugeshop-preview/huge/img/slider/slider-13.jpg]
[demo.hasthemes.com/hugeshop-preview/huge/img/slider/home_5_slider1.png]
[demo.hasthemes.com/hugeshop-preview/huge/img/slider/home_5_slider2.png]
[demo.hasthemes.com/hugeshop-preview/huge/img/slider_right/slider_right1.jpg]
[demo.hasthemes.com/hugeshop-preview/huge/img/slider_right/slider_right2.jpg]
[demo.hasthemes.com/hugeshop-preview/huge/img/slider_right/slider_right3.jpg]
[demo.hasthemes.com/hugeshop-preview/huge/img/offers/special_today4.jpg]
[demo.hasthemes.com/hugeshop-preview/huge/img/offers/special_today5.jpg]
[demo.hasthemes.com/hugeshop-preview/huge/img/offers/special_today6.jpg]
[demo.hasthemes.com/hugeshop-preview/huge/img/offers/best_sellers_5.jpg]
[demo.hasthemes.com/hugeshop-preview/huge/img/offers/best_sellers_6.jpg]
[demo.hasthemes.com/hugeshop-preview/huge/img/offers/best_sellers_7.jpg]
[demo.hasthemes.com/hugeshop-preview/huge/img/offers/most4.jpg]
[demo.hasthemes.com/hugeshop-preview/huge/img/offers/most5.jpg]
[demo.hasthemes.com/hugeshop-preview/huge/img/offers/most6.jpg]
[demo.hasthemes.com/hugeshop-preview/huge/img/recent_blog/recent_blog3.jpg]
[demo.hasthemes.com/hugeshop-preview/huge/img/recent_blog/recent_blog4.jpg]
[demo.hasthemes.com/hugeshop-preview/huge/index-5.html]
[demo.hasthemes.com/hugeshop-preview/huge/img/refresh.png]
[demo.hasthemes.com/hugeshop-preview/huge/index-6.html]
[demo.hasthemes.com/hugeshop-preview/huge/img/slider/slider_7_1.jpg]
[demo.hasthemes.com/hugeshop-preview/huge/img/slider/slider-7.jpg]
[demo.hasthemes.com/hugeshop-preview/huge/img/slider/slider-7-2.jpg]
[demo.hasthemes.com/hugeshop-preview/huge/img/slider/slider-8.jpg]
[demo.hasthemes.com/hugeshop-preview/huge/img/footer_logo_blue_white.png]
[demo.hasthemes.com/hugeshop-preview/huge/index-7.html]
[demo.hasthemes.com/hugeshop-preview/huge/img/slider/slider-10.jpg]
[demo.hasthemes.com/hugeshop-preview/huge/img/slider/slider-12.jpg]
[demo.hasthemes.com/hugeshop-preview/huge/img/slider_bottom/slider_bottom_10.jpg]
[demo.hasthemes.com/hugeshop-preview/huge/img/slider_bottom/slider_bottom_11.jpg]
[demo.hasthemes.com/hugeshop-preview/huge/img/slider_bottom/slider_bottom_12.jpg]
[demo.hasthemes.com/hugeshop-preview/huge/img/slider_bottom/slider_bottom_13.jpg]
[demo.hasthemes.com/hugeshop-preview/huge/img/slider_bottom/slider_bottom_14.jpg]
[demo.hasthemes.com/hugeshop-preview/huge/img/slider_bottom/slider_bottom_15.jpg]
[demo.hasthemes.com/hugeshop-preview/huge/img/slider_bottom/slider_bottom_16.jpg]
[demo.hasthemes.com/hugeshop-preview/huge/img/slider_bottom/slider_bottom_17.jpg]
[demo.hasthemes.com/hugeshop-preview/huge/img/slider_bottom/slider_bottom_18.jpg]
[demo.hasthemes.com/hugeshop-preview/huge/img/slider_bottom/slider_bottom_19.jpg]
[demo.hasthemes.com/hugeshop-preview/huge/img/slider_bottom/slider_bottom_20.jpg]
[demo.hasthemes.com/hugeshop-preview/huge/img/service/service_7.png]
[demo.hasthemes.com/hugeshop-preview/huge/img/service/service_6.png]
[demo.hasthemes.com/hugeshop-preview/huge/img/service/service_8.png]
[demo.hasthemes.com/hugeshop-preview/huge/img/service/service_9.png]
[demo.hasthemes.com/hugeshop-preview/huge/index-8.html]
[demo.hasthemes.com/hugeshop-preview/huge/img/logo_blue.png]
[demo.hasthemes.com/hugeshop-preview/huge/img/sitting_blue.png]
[demo.hasthemes.com/hugeshop-preview/huge/img/cart_blue.png]
[demo.hasthemes.com/hugeshop-preview/huge/img/slider/slider-9.jpg]
[demo.hasthemes.com/hugeshop-preview/huge/img/slider/slider-14.jpg]
[demo.hasthemes.com/hugeshop-preview/huge/img/slider/slider-15.jpg]
[demo.hasthemes.com/hugeshop-preview/huge/img/slider/slider-16.jpg]
[demo.hasthemes.com/hugeshop-preview/huge/img/slider/slider-14-logo.png]
[demo.hasthemes.com/hugeshop-preview/huge/img/slider/slider-15-logo.png]
[demo.hasthemes.com/hugeshop-preview/huge/img/slider_bottom/slider_bottom_7.jpg]
[demo.hasthemes.com/hugeshop-preview/huge/img/slider_bottom/slider_bottom_8.jpg]
[demo.hasthemes.com/hugeshop-preview/huge/img/slider_bottom/slider_bottom_9.jpg]
[demo.hasthemes.com/hugeshop-preview/huge/img/featured/electronics/feat_elec1.jpg]
[demo.hasthemes.com/hugeshop-preview/huge/img/featured/electronics/feat_elec9.jpg]
[demo.hasthemes.com/hugeshop-preview/huge/img/featured/electronics/feat_elec2.jpg]
[demo.hasthemes.com/hugeshop-preview/huge/img/featured/electronics/feat_elec11.jpg]
[demo.hasthemes.com/hugeshop-preview/huge/img/featured/electronics/feat_elec3.jpg]
[demo.hasthemes.com/hugeshop-preview/huge/img/featured/electronics/feat_elec15.jpg]
[demo.hasthemes.com/hugeshop-preview/huge/img/featured/electronics/feat_elec4.jpg]
[demo.hasthemes.com/hugeshop-preview/huge/img/featured/electronics/feat_elec6.jpg]
[demo.hasthemes.com/hugeshop-preview/huge/img/featured/electronics/feat_elec5.jpg]
[demo.hasthemes.com/hugeshop-preview/huge/img/featured/electronics/feat_elec7.jpg]
[demo.hasthemes.com/hugeshop-preview/huge/img/service/service_4.png]
[demo.hasthemes.com/hugeshop-preview/huge/img/service/service_5.png]
[demo.hasthemes.com/hugeshop-preview/huge/img/featured/electronics/feat_elec12.jpg]
[demo.hasthemes.com/hugeshop-preview/huge/img/featured/electronics/feat_elec8.jpg]
[demo.hasthemes.com/hugeshop-preview/huge/img/featured/electronics/feat_elec10.jpg]
[demo.hasthemes.com/hugeshop-preview/huge/img/featured/electronics/feat_elec13.jpg]
[demo.hasthemes.com/hugeshop-preview/huge/img/featured/electronics/feat_elec14.jpg]
[demo.hasthemes.com/hugeshop-preview/huge/img/footer_logo_green.png]
[demo.hasthemes.com/hugeshop-preview/huge/img/12.jpg]
[demo.hasthemes.com/hugeshop-preview/huge/index-9.html]
[demo.hasthemes.com/hugeshop-preview/huge/img/telephone.png]
[demo.hasthemes.com/hugeshop-preview/huge/img/sitting_green.png]
[demo.hasthemes.com/hugeshop-preview/huge/img/cart_green.png]
[demo.hasthemes.com/hugeshop-preview/huge/img/logo_green.png]
[demo.hasthemes.com/hugeshop-preview/huge/index-10.html]
[demo.hasthemes.com/hugeshop-preview/huge/img/arrow_ash.png]
[demo.hasthemes.com/hugeshop-preview/huge/img/slider/slider-20.jpg]
[demo.hasthemes.com/hugeshop-preview/huge/img/slider/slider-18.jpg]
[demo.hasthemes.com/hugeshop-preview/huge/img/slider_bottom/slider_bottom_21.jpg]
[demo.hasthemes.com/hugeshop-preview/huge/img/slider_bottom/slider_bottom_22.jpg]
[demo.hasthemes.com/hugeshop-preview/huge/img/slider_bottom/slider_bottom_23.jpg]
[demo.hasthemes.com/hugeshop-preview/huge/img/new_arrival/arrival1.jpg]
[demo.hasthemes.com/hugeshop-preview/huge/img/new_arrival/arrival3.jpg]
[demo.hasthemes.com/hugeshop-preview/huge/img/new_arrival/arrival5.jpg]
[demo.hasthemes.com/hugeshop-preview/huge/img/new_arrival/arrival4.jpg]
[demo.hasthemes.com/hugeshop-preview/huge/img/new_arrival/arrival6.jpg]
[demo.hasthemes.com/hugeshop-preview/huge/img/new_arrival/arrival2.jpg]
[demo.hasthemes.com/hugeshop-preview/huge/img/banner.jpg]
[demo.hasthemes.com/hugeshop-preview/huge/img/latest_blog_news/right_blog.jpg]
[demo.hasthemes.com/hugeshop-preview/huge/img/footer_logo_blue.png]
[demo.hasthemes.com/hugeshop-preview/huge/index-11.html]
[demo.hasthemes.com/hugeshop-preview/huge/img/flag/france.png]
[demo.hasthemes.com/hugeshop-preview/huge/img/flag/english.png]
[demo.hasthemes.com/hugeshop-preview/huge/img/flag/de.png]
[demo.hasthemes.com/hugeshop-preview/huge/img/logo/furniture1.png]
[demo.hasthemes.com/hugeshop-preview/huge/img/furniture/fur5.png]
[demo.hasthemes.com/hugeshop-preview/huge/img/furniture/fur6.png]
[demo.hasthemes.com/hugeshop-preview/huge/img/furniture/fur7.png]
[demo.hasthemes.com/hugeshop-preview/huge/img/slider/slider-23.jpg]
[demo.hasthemes.com/hugeshop-preview/huge/img/slider/slider-24.jpg]
[demo.hasthemes.com/hugeshop-preview/huge/img/furniture/fur1.png]
[demo.hasthemes.com/hugeshop-preview/huge/img/furniture/fur9.png]
[demo.hasthemes.com/hugeshop-preview/huge/img/furniture/fur2.png]
[demo.hasthemes.com/hugeshop-preview/huge/img/furniture/fur10.png]
[demo.hasthemes.com/hugeshop-preview/huge/img/furniture/fur3.png]
[demo.hasthemes.com/hugeshop-preview/huge/img/furniture/fur8.png]
[demo.hasthemes.com/hugeshop-preview/huge/img/furniture/fur4.png]
[demo.hasthemes.com/hugeshop-preview/huge/img/furniture/fur13.png]
[demo.hasthemes.com/hugeshop-preview/huge/img/furniture/fur11.png]
[demo.hasthemes.com/hugeshop-preview/huge/img/furniture/fur12.png]
[demo.hasthemes.com/hugeshop-preview/huge/img/furniture/fur14.png]
[demo.hasthemes.com/hugeshop-preview/huge/img/furniture/fur15.png]
[demo.hasthemes.com/hugeshop-preview/huge/img/recent_blog/recent_blog5.jpg]
[demo.hasthemes.com/hugeshop-preview/huge/img/recent_blog/recent_blog7.jpg]
[demo.hasthemes.com/hugeshop-preview/huge/img/recent_blog/recent_blog6.jpg]
[demo.hasthemes.com/hugeshop-preview/huge/index-12.html]
[demo.hasthemes.com/hugeshop-preview/huge/img/logo/furniture2.png]
[demo.hasthemes.com/hugeshop-preview/huge/img/slider/slider-25.jpg]
[demo.hasthemes.com/hugeshop-preview/huge/img/slider/slider-26.jpg]
[demo.hasthemes.com/hugeshop-preview/huge/img/slider_bottom/slider_bottom_24.jpg]
[demo.hasthemes.com/hugeshop-preview/huge/img/slider_bottom/slider_bottom_25.jpg]
[demo.hasthemes.com/hugeshop-preview/huge/img/slider_bottom/slider_bottom_26.jpg]
[demo.hasthemes.com/hugeshop-preview/huge/index-13.html]
[demo.hasthemes.com/hugeshop-preview/huge/img/logo/furnitur3.png]
[demo.hasthemes.com/hugeshop-preview/huge/img/banner/banner-forteen1.jpg]
[demo.hasthemes.com/hugeshop-preview/huge/img/banner/banner-forteen2.jpg]
[demo.hasthemes.com/hugeshop-preview/huge/img/banner/banner-forteen12.jpg]
[demo.hasthemes.com/hugeshop-preview/huge/img/banner/banner-forteen3.jpg]
[demo.hasthemes.com/hugeshop-preview/huge/img/banner/banner-forteen4.jpg]
[demo.hasthemes.com/hugeshop-preview/huge/img/banner/banner-forteen5.jpg]
[demo.hasthemes.com/hugeshop-preview/huge/img/banner/banner-forteen6.jpg]
[demo.hasthemes.com/hugeshop-preview/huge/img/banner/banner-forteen7.jpg]
[demo.hasthemes.com/hugeshop-preview/huge/img/banner/banner-forteen8.jpg]
[demo.hasthemes.com/hugeshop-preview/huge/img/banner/banner-forteen9.jpg]
[demo.hasthemes.com/hugeshop-preview/huge/img/banner/banner-forteen10.jpg]
[demo.hasthemes.com/hugeshop-preview/huge/img/banner/banner-forteen11.jpg]
[demo.hasthemes.com/hugeshop-preview/huge/img/service/service_1_fur.png]
[demo.hasthemes.com/hugeshop-preview/huge/img/service/service_2_fur.png]
[demo.hasthemes.com/hugeshop-preview/huge/img/service/service_3_fur.png]
[demo.hasthemes.com/hugeshop-preview/huge/index-14.html]
[demo.hasthemes.com/hugeshop-preview/huge/img/logo/cosmetics1.png]
[demo.hasthemes.com/hugeshop-preview/huge/img/slider/slider-28.jpg]
[demo.hasthemes.com/hugeshop-preview/huge/img/slider/slider-27.jpg]
[demo.hasthemes.com/hugeshop-preview/huge/img/slider_bottom/slider_bottom_27.jpg]
[demo.hasthemes.com/hugeshop-preview/huge/img/slider_bottom/slider_bottom_28.jpg]
[demo.hasthemes.com/hugeshop-preview/huge/img/slider_bottom/slider_bottom_29.jpg]
[demo.hasthemes.com/hugeshop-preview/huge/img/cosmetics/1.png]
[demo.hasthemes.com/hugeshop-preview/huge/img/cosmetics/6.png]
[demo.hasthemes.com/hugeshop-preview/huge/img/cosmetics/2.png]
[demo.hasthemes.com/hugeshop-preview/huge/img/cosmetics/7.png]
[demo.hasthemes.com/hugeshop-preview/huge/img/cosmetics/3.png]
[demo.hasthemes.com/hugeshop-preview/huge/img/cosmetics/8.png]
[demo.hasthemes.com/hugeshop-preview/huge/img/cosmetics/4.png]
[demo.hasthemes.com/hugeshop-preview/huge/img/cosmetics/9.png]
[demo.hasthemes.com/hugeshop-preview/huge/img/cosmetics/5.png]
[demo.hasthemes.com/hugeshop-preview/huge/img/cosmetics/10.png]
[demo.hasthemes.com/hugeshop-preview/huge/img/cosmetics/11.png]
[demo.hasthemes.com/hugeshop-preview/huge/img/cosmetics/12.png]
[demo.hasthemes.com/hugeshop-preview/huge/img/client/brand_logo1.jpg]
[demo.hasthemes.com/hugeshop-preview/huge/img/client/brand_logo2.jpg]
[demo.hasthemes.com/hugeshop-preview/huge/img/client/brand_logo3.jpg]
[demo.hasthemes.com/hugeshop-preview/huge/img/client/brand_logo4.jpg]
[demo.hasthemes.com/hugeshop-preview/huge/img/client/brand_logo5.jpg]
[demo.hasthemes.com/hugeshop-preview/huge/img/logo/logo_footer_consmetics1.png]
[demo.hasthemes.com/hugeshop-preview/huge/img/payment/payment1.png]
[demo.hasthemes.com/hugeshop-preview/huge/index-15.html]
[demo.hasthemes.com/hugeshop-preview/huge/img/logo/cosmetics2.png]
[demo.hasthemes.com/hugeshop-preview/huge/img/slider/slider-29.jpg]
[demo.hasthemes.com/hugeshop-preview/huge/img/slider/slider-30.jpg]
[demo.hasthemes.com/hugeshop-preview/huge/img/slider_bottom/slider_bottom_30.jpg]
[demo.hasthemes.com/hugeshop-preview/huge/img/slider_bottom/slider_bottom_31.jpg]
[demo.hasthemes.com/hugeshop-preview/huge/img/slider_bottom/slider_bottom_32.jpg]
[demo.hasthemes.com/hugeshop-preview/huge/img/slider_bottom/slider_bottom_33.jpg]
[demo.hasthemes.com/hugeshop-preview/huge/img/logo/logo_footer_consmetics2.png]
[demo.hasthemes.com/hugeshop-preview/huge/index-16.html]
[demo.hasthemes.com/hugeshop-preview/huge/img/logo/jwelary1.png]
[demo.hasthemes.com/hugeshop-preview/huge/img/slider/slider-32.jpg]
[demo.hasthemes.com/hugeshop-preview/huge/img/slider/slider-31.jpg]
[demo.hasthemes.com/hugeshop-preview/huge/img/slider_right/slider_right4.jpg]
[demo.hasthemes.com/hugeshop-preview/huge/img/slider_right/slider_right5.jpg]
[demo.hasthemes.com/hugeshop-preview/huge/img/slider_bottom/slider-32.jpg]
[demo.hasthemes.com/hugeshop-preview/huge/img/slider_bottom/slider-33.jpg]
[demo.hasthemes.com/hugeshop-preview/huge/img/slider_bottom/slider-34.jpg]
[demo.hasthemes.com/hugeshop-preview/huge/img/jewelary/jewelary1.png]
[demo.hasthemes.com/hugeshop-preview/huge/img/jewelary/jewelary2.png]
[demo.hasthemes.com/hugeshop-preview/huge/img/jewelary/jewelary3.png]
[demo.hasthemes.com/hugeshop-preview/huge/img/jewelary/jewelary4.png]
[demo.hasthemes.com/hugeshop-preview/huge/img/jewelary/jewelary5.png]
[demo.hasthemes.com/hugeshop-preview/huge/img/jewelary/jewelary6.png]
[demo.hasthemes.com/hugeshop-preview/huge/img/jewelary/jewelary7.png]
[demo.hasthemes.com/hugeshop-preview/huge/img/jewelary/jewelary8.png]
[demo.hasthemes.com/hugeshop-preview/huge/img/slider_bottom/slider-35.jpg]
[demo.hasthemes.com/hugeshop-preview/huge/img/slider_bottom/slider-36.jpg]
[demo.hasthemes.com/hugeshop-preview/huge/img/slider_bottom/slider-37.jpg]
[demo.hasthemes.com/hugeshop-preview/huge/img/offers/jewelary/1.png]
[demo.hasthemes.com/hugeshop-preview/huge/img/offers/jewelary/2.png]
[demo.hasthemes.com/hugeshop-preview/huge/img/offers/jewelary/3.png]
[demo.hasthemes.com/hugeshop-preview/huge/img/offers/jewelary/4.png]
[demo.hasthemes.com/hugeshop-preview/huge/img/offers/jewelary/5.png]
[demo.hasthemes.com/hugeshop-preview/huge/img/offers/jewelary/6.png]
[demo.hasthemes.com/hugeshop-preview/huge/img/logo/logo_footer_jwelary1.png]
[demo.hasthemes.com/hugeshop-preview/huge/index-17.html]
[demo.hasthemes.com/hugeshop-preview/huge/img/logo/jwelary2.png]
[demo.hasthemes.com/hugeshop-preview/huge/img/slider/slider-33.jpg]
[demo.hasthemes.com/hugeshop-preview/huge/img/slider/slider-34.jpg]
[demo.hasthemes.com/hugeshop-preview/huge/img/slider/home2_img1.png]
[demo.hasthemes.com/hugeshop-preview/huge/img/logo/logo_footer_jwelary2.png]
[demo.hasthemes.com/hugeshop-preview/huge/index-18.html]
[demo.hasthemes.com/hugeshop-preview/huge/img/logo/mega1.png]
[demo.hasthemes.com/hugeshop-preview/huge/img/slider/slider-35.jpg]
[demo.hasthemes.com/hugeshop-preview/huge/img/slider/slider-36.jpg]
[demo.hasthemes.com/hugeshop-preview/huge/img/fashion/fashions.jpg]
[demo.hasthemes.com/hugeshop-preview/huge/img/fashion/fmen4.jpg]
[demo.hasthemes.com/hugeshop-preview/huge/img/fashion/fmen7.jpg]
[demo.hasthemes.com/hugeshop-preview/huge/img/fashion/fmen1.jpg]
[demo.hasthemes.com/hugeshop-preview/huge/img/fashion/fmen8.jpg]
[demo.hasthemes.com/hugeshop-preview/huge/img/fashion/fmen2.jpg]
[demo.hasthemes.com/hugeshop-preview/huge/img/fashion/fmen9.jpg]
[demo.hasthemes.com/hugeshop-preview/huge/img/fashion/fmen3.jpg]
[demo.hasthemes.com/hugeshop-preview/huge/img/fashion/fmen10.jpg]
[demo.hasthemes.com/hugeshop-preview/huge/img/fashion/fmen5.jpg]
[demo.hasthemes.com/hugeshop-preview/huge/img/fashion/fmen11.jpg]
[demo.hasthemes.com/hugeshop-preview/huge/img/fashion/fmen6.jpg]
[demo.hasthemes.com/hugeshop-preview/huge/img/furniture/fur1.jpg]
[demo.hasthemes.com/hugeshop-preview/huge/img/furniture/fur2.jpg]
[demo.hasthemes.com/hugeshop-preview/huge/img/furniture/fur3.jpg]
[demo.hasthemes.com/hugeshop-preview/huge/img/furniture/fur4.jpg]
[demo.hasthemes.com/hugeshop-preview/huge/img/furniture/fur5.jpg]
[demo.hasthemes.com/hugeshop-preview/huge/img/furniture/fur6.jpg]
[demo.hasthemes.com/hugeshop-preview/huge/img/furniture/fur7.jpg]
[demo.hasthemes.com/hugeshop-preview/huge/img/furniture/fur8.jpg]
[demo.hasthemes.com/hugeshop-preview/huge/img/furniture/fur9.jpg]
[demo.hasthemes.com/hugeshop-preview/huge/img/furniture/furniture.jpg]
[demo.hasthemes.com/hugeshop-preview/huge/img/digital/digital.jpg]
[demo.hasthemes.com/hugeshop-preview/huge/img/digital/1.jpg]
[demo.hasthemes.com/hugeshop-preview/huge/img/digital/2.jpg]
[demo.hasthemes.com/hugeshop-preview/huge/img/digital/3.jpg]
[demo.hasthemes.com/hugeshop-preview/huge/img/digital/4.jpg]
[demo.hasthemes.com/hugeshop-preview/huge/img/digital/9.jpg]
[demo.hasthemes.com/hugeshop-preview/huge/img/digital/7.jpg]
[demo.hasthemes.com/hugeshop-preview/huge/img/digital/8.jpg]
[demo.hasthemes.com/hugeshop-preview/huge/img/digital/10.jpg]
[demo.hasthemes.com/hugeshop-preview/huge/img/digital/6.jpg]
[demo.hasthemes.com/hugeshop-preview/huge/img/digital/5.jpg]
[demo.hasthemes.com/hugeshop-preview/huge/img/cosmetics/1.jpg]
[demo.hasthemes.com/hugeshop-preview/huge/img/cosmetics/2.jpg]
[demo.hasthemes.com/hugeshop-preview/huge/img/cosmetics/3.jpg]
[demo.hasthemes.com/hugeshop-preview/huge/img/cosmetics/4.jpg]
[demo.hasthemes.com/hugeshop-preview/huge/img/cosmetics/5.jpg]
[demo.hasthemes.com/hugeshop-preview/huge/img/cosmetics/6.jpg]
[demo.hasthemes.com/hugeshop-preview/huge/img/cosmetics/7.jpg]
[demo.hasthemes.com/hugeshop-preview/huge/img/cosmetics/8.jpg]
[demo.hasthemes.com/hugeshop-preview/huge/img/cosmetics/9.jpg]
[demo.hasthemes.com/hugeshop-preview/huge/img/cosmetics/10.jpg]
[demo.hasthemes.com/hugeshop-preview/huge/img/cosmetics/beauty.jpg]
[demo.hasthemes.com/hugeshop-preview/huge/img/logo/logo_footer_mega1.png]
[demo.hasthemes.com/hugeshop-preview/huge/index-19.html]
[demo.hasthemes.com/hugeshop-preview/huge/img/logo/mega2.png]
[demo.hasthemes.com/hugeshop-preview/huge/img/slider/slider-37.jpg]
[demo.hasthemes.com/hugeshop-preview/huge/img/slider/slider-38.jpg]
[demo.hasthemes.com/hugeshop-preview/huge/img/slider/banner-twenty1.jpg]
[demo.hasthemes.com/hugeshop-preview/huge/img/slider/banner-twenty3.jpg]
[demo.hasthemes.com/hugeshop-preview/huge/img/slider/banner-twenty4.jpg]
[demo.hasthemes.com/hugeshop-preview/huge/img/slider/banner-twenty2.jpg]
[demo.hasthemes.com/hugeshop-preview/huge/index-20.html]
[demo.hasthemes.com/hugeshop-preview/huge/img/slider/slider-5.jpg]
[demo.hasthemes.com/hugeshop-preview/huge/img/slider/home_4_head.png]
[demo.hasthemes.com/hugeshop-preview/huge/img/slider_bottom/slider_bottom_4.jpg]
[demo.hasthemes.com/hugeshop-preview/huge/img/slider_bottom/slider_bottom_5.jpg]
[demo.hasthemes.com/hugeshop-preview/huge/img/slider_bottom/slider_bottom_6.jpg]
[demo.hasthemes.com/hugeshop-preview/huge/img/trend/eyewear/eye_1.jpg]
[demo.hasthemes.com/hugeshop-preview/huge/img/trend/eyewear/eye_4.jpg]
[demo.hasthemes.com/hugeshop-preview/huge/img/trend/eyewear/eye_2.jpg]
[demo.hasthemes.com/hugeshop-preview/huge/img/trend/eyewear/eye_3.jpg]
[demo.hasthemes.com/hugeshop-preview/huge/img/rouge/background.jpg]
[demo.hasthemes.com/hugeshop-preview/huge/img/featured/eyewear/eyewear1.jpg]
[demo.hasthemes.com/hugeshop-preview/huge/img/featured/eyewear/eyewear9.jpg]
[demo.hasthemes.com/hugeshop-preview/huge/img/featured/eyewear/eyewear2.jpg]
[demo.hasthemes.com/hugeshop-preview/huge/img/featured/eyewear/eyewear10.jpg]
[demo.hasthemes.com/hugeshop-preview/huge/img/featured/eyewear/eyewear3.jpg]
[demo.hasthemes.com/hugeshop-preview/huge/img/featured/eyewear/eyewear8.jpg]
[demo.hasthemes.com/hugeshop-preview/huge/img/featured/eyewear/eyewear4.jpg]
[demo.hasthemes.com/hugeshop-preview/huge/img/featured/eyewear/eyewear7.jpg]
[demo.hasthemes.com/hugeshop-preview/huge/img/featured/eyewear/eyewear5.jpg]
[demo.hasthemes.com/hugeshop-preview/huge/img/featured/eyewear/eyewear6.jpg]
[demo.hasthemes.com/hugeshop-preview/huge/img/offers/eyewear/offer_eyewear1.jpg]
[demo.hasthemes.com/hugeshop-preview/huge/img/offers/eyewear/offer_eyewear3.jpg]
[demo.hasthemes.com/hugeshop-preview/huge/img/offers/eyewear/offer_eyewear2.jpg]
[demo.hasthemes.com/hugeshop-preview/huge/img/offers/eyewear/offer_eyewear4.jpg]
[demo.hasthemes.com/hugeshop-preview/huge/img/offers/eyewear/offer_eyewear6.jpg]
[demo.hasthemes.com/hugeshop-preview/huge/img/offers/eyewear/offer_eyewear5.jpg]
[demo.hasthemes.com/hugeshop-preview/huge/img/offers/eyewear/offer_eyewear7.jpg]
[demo.hasthemes.com/hugeshop-preview/huge/img/offers/eyewear/offer_eyewear9.jpg]
[demo.hasthemes.com/hugeshop-preview/huge/img/offers/eyewear/offer_eyewear8.jpg]
[demo.hasthemes.com/hugeshop-preview/huge/img/11.jpg]
[demo.hasthemes.com/hugeshop-preview/huge/index-4.html]
[demo.hasthemes.com/hugeshop-preview/huge/img/about.jpg]
[demo.hasthemes.com/hugeshop-preview/huge/img/arrow_white.png]
[demo.hasthemes.com/hugeshop-preview/huge/img/member1.jpg]
[demo.hasthemes.com/hugeshop-preview/huge/img/member2.jpg]
[demo.hasthemes.com/hugeshop-preview/huge/img/member3.jpg]
[demo.hasthemes.com/hugeshop-preview/huge/img/member4.jpg]
[demo.hasthemes.com/hugeshop-preview/huge/about_us.html]
[demo.hasthemes.com/hugeshop-preview/huge/img/blog/latest_post1.jpg]
[demo.hasthemes.com/hugeshop-preview/huge/img/blog/latest_post5.jpg]
[demo.hasthemes.com/hugeshop-preview/huge/img/blog/latest_post2.jpg]
[demo.hasthemes.com/hugeshop-preview/huge/img/blog/latest_post4.jpg]
[demo.hasthemes.com/hugeshop-preview/huge/img/blog/latest_post3.jpg]
[demo.hasthemes.com/hugeshop-preview/huge/img/widget_banner.jpg]
[demo.hasthemes.com/hugeshop-preview/huge/img/slider/slider-11.jpg]
[demo.hasthemes.com/hugeshop-preview/huge/img/blog/blog_image.jpg]
[demo.hasthemes.com/hugeshop-preview/huge/audio/music.mp3]
[demo.hasthemes.com/hugeshop-preview/huge/blog-classic-left-sidebar.html]
[demo.hasthemes.com/hugeshop-preview/huge/blog-classic-right-sidebar.html]
[demo.hasthemes.com/hugeshop-preview/huge/img/blog/related_post1.jpg]
[demo.hasthemes.com/hugeshop-preview/huge/img/blog/related_post2.jpg]
[demo.hasthemes.com/hugeshop-preview/huge/img/blog/related_post3.jpg]
[demo.hasthemes.com/hugeshop-preview/huge/img/blog/comment1.jpg]
[demo.hasthemes.com/hugeshop-preview/huge/img/blog/comment2.jpg]
[demo.hasthemes.com/hugeshop-preview/huge/img/blog/comment3.jpg]
[demo.hasthemes.com/hugeshop-preview/huge/blog-details-left-sidebar.html]
[demo.hasthemes.com/hugeshop-preview/huge/blog-details-right-sidebar.html]
[demo.hasthemes.com/hugeshop-preview/huge/blog-gallery-format.html]
[demo.hasthemes.com/hugeshop-preview/huge/blog-image-format.html]
[demo.hasthemes.com/hugeshop-preview/huge/img/blog/post_1.jpg]
[demo.hasthemes.com/hugeshop-preview/huge/img/blog/post_2.jpg]
[demo.hasthemes.com/hugeshop-preview/huge/img/blog/post_3.jpg]
[demo.hasthemes.com/hugeshop-preview/huge/img/blog/post_4.jpg]
[demo.hasthemes.com/hugeshop-preview/huge/img/blog/post_5.jpg]
[demo.hasthemes.com/hugeshop-preview/huge/blog-left-sidebar.html]
[demo.hasthemes.com/hugeshop-preview/huge/blog-right-sidebar.html]
[demo.hasthemes.com/hugeshop-preview/huge/blog-video-format.html]
[demo.hasthemes.com/hugeshop-preview/huge/img/map.png]
[demo.hasthemes.com/hugeshop-preview/huge/img/phone.png]
[demo.hasthemes.com/hugeshop-preview/huge/img/mail.png]
[demo.hasthemes.com/hugeshop-preview/huge/contact.html]
[demo.hasthemes.com/hugeshop-preview/huge/img/portfolio/port_4col_1.jpg]
[demo.hasthemes.com/hugeshop-preview/huge/img/portfolio/port_4col_2.jpg]
[demo.hasthemes.com/hugeshop-preview/huge/img/portfolio/port_4col_3.jpg]
[demo.hasthemes.com/hugeshop-preview/huge/img/portfolio/port_3col_3.jpg]
[demo.hasthemes.com/hugeshop-preview/huge/img/portfolio/port_4col_4.jpg]
[demo.hasthemes.com/hugeshop-preview/huge/img/portfolio/port_3col_4.jpg]
[demo.hasthemes.com/hugeshop-preview/huge/img/portfolio/port_4col_5.jpg]
[demo.hasthemes.com/hugeshop-preview/huge/img/portfolio/port_3col_5.jpg]
[demo.hasthemes.com/hugeshop-preview/huge/img/portfolio/port_4col_6.jpg]
[demo.hasthemes.com/hugeshop-preview/huge/img/portfolio/port_3col_6.jpg]
[demo.hasthemes.com/hugeshop-preview/huge/img/portfolio/port_4col_7.jpg]
[demo.hasthemes.com/hugeshop-preview/huge/img/portfolio/port_3col_7.jpg]
[demo.hasthemes.com/hugeshop-preview/huge/img/portfolio/port_4col_8.jpg]
[demo.hasthemes.com/hugeshop-preview/huge/img/portfolio/port_3col_8.jpg]
[demo.hasthemes.com/hugeshop-preview/huge/img/portfolio/port_4col_9.jpg]
[demo.hasthemes.com/hugeshop-preview/huge/img/portfolio/port_3col_9.jpg]
[demo.hasthemes.com/hugeshop-preview/huge/img/portfolio/port_4col_10.jpg]
[demo.hasthemes.com/hugeshop-preview/huge/img/portfolio/port_3col_10.jpg]
[demo.hasthemes.com/hugeshop-preview/huge/img/portfolio/port_4col_11.jpg]
[demo.hasthemes.com/hugeshop-preview/huge/img/portfolio/port_3col_11.jpg]
[demo.hasthemes.com/hugeshop-preview/huge/img/portfolio/port_4col_12.jpg]
[demo.hasthemes.com/hugeshop-preview/huge/img/portfolio/port_3col_12.jpg]
[demo.hasthemes.com/hugeshop-preview/huge/img/portfolio/port_4col_13.jpg]
[demo.hasthemes.com/hugeshop-preview/huge/img/portfolio/port_4col_14.jpg]
[demo.hasthemes.com/hugeshop-preview/huge/img/portfolio/port_4col_15.jpg]
[demo.hasthemes.com/hugeshop-preview/huge/img/portfolio/port_4col_16.jpg]
[demo.hasthemes.com/hugeshop-preview/huge/portfolio-4-col.html]
[demo.hasthemes.com/hugeshop-preview/huge/img/portfolio/port_3col_1.jpg]
[demo.hasthemes.com/hugeshop-preview/huge/img/portfolio/port_3col_2.jpg]
[demo.hasthemes.com/hugeshop-preview/huge/portfolio-3-col.html]
[demo.hasthemes.com/hugeshop-preview/huge/img/portfolio/port_2col_1.jpg]
[demo.hasthemes.com/hugeshop-preview/huge/img/portfolio/port_2col_2.jpg]
[demo.hasthemes.com/hugeshop-preview/huge/img/portfolio/port_2col_3.jpg]
[demo.hasthemes.com/hugeshop-preview/huge/img/portfolio/port_2col_4.jpg]
[demo.hasthemes.com/hugeshop-preview/huge/img/portfolio/port_2col_5.jpg]
[demo.hasthemes.com/hugeshop-preview/huge/img/portfolio/port_2col_6.jpg]
[demo.hasthemes.com/hugeshop-preview/huge/img/portfolio/port_2col_7.jpg]
[demo.hasthemes.com/hugeshop-preview/huge/portfolio-2-col.html]
[demo.hasthemes.com/hugeshop-preview/huge/img/portfolio/slider1.jpg]
[demo.hasthemes.com/hugeshop-preview/huge/img/portfolio/slider2.jpg]
[demo.hasthemes.com/hugeshop-preview/huge/img/portfolio/slider3.jpg]
[demo.hasthemes.com/hugeshop-preview/huge/portfolio-details.html]
[demo.hasthemes.com/hugeshop-preview/huge/img/shop/shop_detail.jpg]
[demo.hasthemes.com/hugeshop-preview/huge/img/shop/two_col_3.jpg]
[demo.hasthemes.com/hugeshop-preview/huge/img/shop/two_col_2.jpg]
[demo.hasthemes.com/hugeshop-preview/huge/img/shop/two_col_5.jpg]
[demo.hasthemes.com/hugeshop-preview/huge/img/shop/two_col_1.jpg]
[demo.hasthemes.com/hugeshop-preview/huge/img/14.jpg]
[demo.hasthemes.com/hugeshop-preview/huge/shop-detail-1.html]
[demo.hasthemes.com/hugeshop-preview/huge/shop-detail-2.html]
[demo.hasthemes.com/hugeshop-preview/huge/img/th.png]
[demo.hasthemes.com/hugeshop-preview/huge/img/leftsidebar-inactive.jpg]
[demo.hasthemes.com/hugeshop-preview/huge/img/rightsidebar-inactive.jpg]
[demo.hasthemes.com/hugeshop-preview/huge/shop-fullwidth.html]
[demo.hasthemes.com/hugeshop-preview/huge/img/th-inactive.jpg]
[demo.hasthemes.com/hugeshop-preview/huge/img/leftsidebar.jpg]
[demo.hasthemes.com/hugeshop-preview/huge/shop-left-sidebar.html]
[demo.hasthemes.com/hugeshop-preview/huge/img/rightsidebar.jpg]
[demo.hasthemes.com/hugeshop-preview/huge/shop-right-sidebar.html]
[demo.hasthemes.com/hugeshop-preview/huge/img/offers/big_offer.jpg]
[demo.hasthemes.com/hugeshop-preview/huge/img/offers/big_offer1.jpg]
[demo.hasthemes.com/hugeshop-preview/huge/img/offers/big_offer2.jpg]
[demo.hasthemes.com/hugeshop-preview/huge/img/offers/big_offer3.jpg]
[demo.hasthemes.com/hugeshop-preview/huge/img/offers/big_offer4.jpg]
[demo.hasthemes.com/hugeshop-preview/huge/img/offers/big_offer5.jpg]
[demo.hasthemes.com/hugeshop-preview/huge/shop-list-left-sidebar.html]
[demo.hasthemes.com/hugeshop-preview/huge/shop-list-right-sidebar.html]
[demo.hasthemes.com/hugeshop-preview/huge/img/shop/two_col_active.png]
[demo.hasthemes.com/hugeshop-preview/huge/img/shop/three_col_1.jpg]
[demo.hasthemes.com/hugeshop-preview/huge/img/shop/three_col_5.jpg]
[demo.hasthemes.com/hugeshop-preview/huge/img/shop/three_col_2.jpg]
[demo.hasthemes.com/hugeshop-preview/huge/img/shop/three_col_6.jpg]
[demo.hasthemes.com/hugeshop-preview/huge/img/shop/three_col_3.jpg]
[demo.hasthemes.com/hugeshop-preview/huge/img/shop/three_col_7.jpg]
[demo.hasthemes.com/hugeshop-preview/huge/img/shop/three_col_4.jpg]
[demo.hasthemes.com/hugeshop-preview/huge/img/shop/three_col_8.jpg]
[demo.hasthemes.com/hugeshop-preview/huge/img/shop/three_col_9.jpg]
[demo.hasthemes.com/hugeshop-preview/huge/shop-fullwidth-3-column.html]
[demo.hasthemes.com/hugeshop-preview/huge/img/shop/two_col_4.jpg]
[demo.hasthemes.com/hugeshop-preview/huge/img/shop/two_col_6.jpg]
[demo.hasthemes.com/hugeshop-preview/huge/shop-fullwidth-2-column.html]
[demo.hasthemes.com/hugeshop-preview/huge/img/check1.jpg]
[demo.hasthemes.com/hugeshop-preview/huge/img/check2.jpg]
[demo.hasthemes.com/hugeshop-preview/huge/img/check3.jpg]
[demo.hasthemes.com/hugeshop-preview/huge/wishlist.html]
[demo.hasthemes.com/hugeshop-preview/huge/cart.html]
[demo.hasthemes.com/hugeshop-preview/huge/img/print.png]
[demo.hasthemes.com/hugeshop-preview/huge/compare.html]
[demo.hasthemes.com/hugeshop-preview/huge/img/checkout_paypal.png]
[demo.hasthemes.com/hugeshop-preview/huge/checkout.html]
[demo.hasthemes.com/hugeshop-preview/huge/account.html]
[demo.hasthemes.com/hugeshop-preview/huge/404.html]
[demo.hasthemes.com/hugeshop-preview/huge/css/bootstrap.min.css]
[demo.hasthemes.com/hugeshop-preview/huge/lib/custom-slider/css/nivo-slider.css]
[demo.hasthemes.com/hugeshop-preview/huge/lib/custom-slider/img/loading.gif]
[demo.hasthemes.com/hugeshop-preview/huge/lib/custom-slider/img/bullets.png]
[demo.hasthemes.com/hugeshop-preview/huge/lib/custom-slider/img/arrows.png]
[demo.hasthemes.com/hugeshop-preview/huge/lib/custom-slider/css/preview.css]
[demo.hasthemes.com/hugeshop-preview/huge/css/owl.carousel.css]
[demo.hasthemes.com/hugeshop-preview/huge/css/owl.theme.css]
[demo.hasthemes.com/hugeshop-preview/huge/css/owl.transitions.css]
[demo.hasthemes.com/hugeshop-preview/huge/img/lightbox/close.png]
[demo.hasthemes.com/hugeshop-preview/huge/img/lightbox/loading.gif]
[demo.hasthemes.com/hugeshop-preview/huge/img/lightbox/prev.png]
[demo.hasthemes.com/hugeshop-preview/huge/img/lightbox/next.png]
[demo.hasthemes.com/hugeshop-preview/huge/css/lightbox.css]
[demo.hasthemes.com/hugeshop-preview/huge/css/jquery-ui.css]
[demo.hasthemes.com/hugeshop-preview/huge/fonts/Simple-Line-Icons6c54.eot]
[demo.hasthemes.com/hugeshop-preview/huge/fonts/Simple-Line-Iconsd41d.eot]
[demo.hasthemes.com/hugeshop-preview/huge/fonts/Simple-Line-Icons6c54.ttf]
[demo.hasthemes.com/hugeshop-preview/huge/fonts/Simple-Line-Icons6c54.woff2]
[demo.hasthemes.com/hugeshop-preview/huge/fonts/Simple-Line-Icons6c54.woff]
[demo.hasthemes.com/hugeshop-preview/huge/css/simple-line-icons.css]
[demo.hasthemes.com/hugeshop-preview/huge/css/barfiller.css]
[demo.hasthemes.com/hugeshop-preview/huge/css/meanmenu.min.css]
[demo.hasthemes.com/hugeshop-preview/huge/fonts/fontawesome-webfont93e3.eot]
[demo.hasthemes.com/hugeshop-preview/huge/fonts/Simple-Line-Icons6c54.svg]
[demo.hasthemes.com/hugeshop-preview/huge/fonts/fontawesome-webfontd41d.eot]
[demo.hasthemes.com/hugeshop-preview/huge/fonts/fontawesome-webfont93e3.woff2]
[demo.hasthemes.com/hugeshop-preview/huge/fonts/fontawesome-webfont93e3.woff]
[demo.hasthemes.com/hugeshop-preview/huge/css/font-awesome.min.css]
[demo.hasthemes.com/hugeshop-preview/huge/css/animate.css]
[demo.hasthemes.com/hugeshop-preview/huge/css/normalize.css]
[demo.hasthemes.com/hugeshop-preview/huge/css/main.css]
[demo.hasthemes.com/hugeshop-preview/huge/fonts/fontawesome-webfont93e3.ttf]
[demo.hasthemes.com/hugeshop-preview/huge/fonts/fontawesome-webfont93e3.svg]
[demo.hasthemes.com/hugeshop-preview/huge/img/search-icon.png]
[demo.hasthemes.com/hugeshop-preview/huge/img/service/service_background.jpg]
[demo.hasthemes.com/hugeshop-preview/huge/img/purchase/purchase_banner.jpg]
[demo.hasthemes.com/hugeshop-preview/huge/img/testimonial/testimonial_bg.jpg]
[demo.hasthemes.com/hugeshop-preview/huge/img/testimonial/testimonial_bg2.jpg]
[demo.hasthemes.com/hugeshop-preview/huge/img/search_blue.png]
[demo.hasthemes.com/hugeshop-preview/huge/img/clerance/clerance_bg.jpg]
[demo.hasthemes.com/hugeshop-preview/huge/img/clerance/clerance_bg_2.jpg]
[demo.hasthemes.com/hugeshop-preview/huge/img/banner/banner-twelve.jpg]
[demo.hasthemes.com/hugeshop-preview/huge/img/service/service_banner_twelve.jpg]
[demo.hasthemes.com/hugeshop-preview/huge/img/testimonial/testimonial_bg12.jpg]
[demo.hasthemes.com/hugeshop-preview/huge/img/featured_bg.png]
[demo.hasthemes.com/hugeshop-preview/huge/img/banner/banner-thirteen.jpg]
[demo.hasthemes.com/hugeshop-preview/huge/img/footer/footer-bg-thirteen.jpg]
[demo.hasthemes.com/hugeshop-preview/huge/img/cosmetics/arrow_left.png]
[demo.hasthemes.com/hugeshop-preview/huge/img/cosmetics/arrow_right.png]
[demo.hasthemes.com/hugeshop-preview/huge/img/slider_bottom/bg_title.png]
[demo.hasthemes.com/hugeshop-preview/huge/img/cosmetics/banner.jpg]
[demo.hasthemes.com/hugeshop-preview/huge/img/cosmetics/bg_title1.png]
[demo.hasthemes.com/hugeshop-preview/huge/img/banner/banner-eighteen.jpg]
[demo.hasthemes.com/hugeshop-preview/huge/img/angle-down.png]
[demo.hasthemes.com/hugeshop-preview/huge/img/banner_bg.jpg]
[demo.hasthemes.com/hugeshop-preview/huge/img/blog/post_link_bg.jpg]
[demo.hasthemes.com/hugeshop-preview/huge/img/banner/banner_shop.jpg]
[demo.hasthemes.com/hugeshop-preview/huge/style.css]
[demo.hasthemes.com/hugeshop-preview/huge/css/responsive.css]
[demo.hasthemes.com/hugeshop-preview/huge/shop.html]
[demo.hasthemes.com/hugeshop-preview/huge/img/advertisement/large_banner.jpg]
[demo.hasthemes.com/hugeshop-preview/huge/img/advertisement/small_banner_1.jpg]
[demo.hasthemes.com/hugeshop-preview/huge/img/advertisement/small_banner_2.jpg]
[demo.hasthemes.com/hugeshop-preview/huge/img/advertisement/small_banner_3.jpg]
[demo.hasthemes.com/hugeshop-preview/huge/img/advertisement/small_banner_4.jpg]
[demo.hasthemes.com/hugeshop-preview/huge/img/advertisement/large_banner2.jpg]
[demo.hasthemes.com/hugeshop-preview/huge/portfolio-2col.html]
[demo.hasthemes.com/hugeshop-preview/huge/portfolio-3col.html]
[demo.hasthemes.com/hugeshop-preview/huge/portfolio-4col.html]
[demo.hasthemes.com/hugeshop-preview/huge/css/grabbing.png]
[demo.hasthemes.com/hugeshop-preview/huge/css/AjaxLoader.gif]
[demo.hasthemes.com/hugeshop-preview/huge/css/images/ui-bg_glass_65_ffffff_1x400.png]
[demo.hasthemes.com/hugeshop-preview/huge/css/images/ui-bg_glass_55_fbf9ee_1x400.png]
[demo.hasthemes.com/hugeshop-preview/huge/css/images/ui-bg_glass_95_fef1ec_1x400.png]
[demo.hasthemes.com/hugeshop-preview/huge/css/images/ui-icons_222222_256x240.png]
[demo.hasthemes.com/hugeshop-preview/huge/css/images/ui-icons_888888_256x240.png]
[demo.hasthemes.com/hugeshop-preview/huge/css/images/ui-icons_454545_256x240.png]
[demo.hasthemes.com/hugeshop-preview/huge/css/images/ui-icons_2e83ff_256x240.png]
[demo.hasthemes.com/hugeshop-preview/huge/css/images/ui-icons_cd0a0a_256x240.png]
[demo.hasthemes.com/hugeshop-preview/huge/css/images/ui-bg_flat_0_aaaaaa_40x100.png]
[demo.hasthemes.com/hugeshop-preview/huge/fonts/Simple-Line-Icons6c54.svg]
[demo.hasthemes.com/hugeshop-preview/huge/fonts/fontawesome-webfont93e3.svg]
[demo.hasthemes.com/hugeshop-preview/huge/img/blog/author.jpg]
